WARNING: A restricted method in java.lang.System has been called
WARNING: java.lang.System::load has been called by net.rubygrapefruit.platform.internal.NativeLibraryLoader in an unnamed module (file:/C:/Users/bokou/.gradle/wrapper/dists/gradle-8.13-bin/5xuhj0ry160q40clulazy9h7d/gradle-8.13/lib/native-platform-0.22-milestone-28.jar)
WARNING: Use --enable-native-access=ALL-UNNAMED to avoid a warning for callers in this module
WARNING: Restricted methods will be blocked in a future release unless native access is enabled

> Task :app:checkKotlinGradlePluginConfigurationErrors SKIPPED
> Task :app:preBuild UP-TO-DATE
> Task :app:preDebugBuild UP-TO-DATE
> Task :app:checkDebugAarMetadata UP-TO-DATE
> Task :app:generateDebugResValues UP-TO-DATE
> Task :app:processDebugGoogleServices UP-TO-DATE
> Task :app:mapDebugSourceSetPaths UP-TO-DATE
> Task :app:generateDebugResources UP-TO-DATE
> Task :app:mergeDebugResources UP-TO-DATE
> Task :app:packageDebugResources UP-TO-DATE
> Task :app:parseDebugLocalResources UP-TO-DATE
> Task :app:createDebugCompatibleScreenManifests UP-TO-DATE
> Task :app:extractDeepLinksDebug UP-TO-DATE
> Task :app:processDebugMainManifest UP-TO-DATE
> Task :app:processDebugManifest UP-TO-DATE
> Task :app:processDebugManifestForPackage UP-TO-DATE
> Task :app:processDebugResources UP-TO-DATE

> Task :app:compileDebugKotlin FAILED
e: file:///E:/Berjis/Apps/Web/gifters/GiftersClub/app/src/main/java/club/gifters/giftersclub/live/LiveStreamActivity.kt:450:26 Unresolved reference 'participants'.
e: file:///E:/Berjis/Apps/Web/gifters/GiftersClub/app/src/main/java/club/gifters/giftersclub/live/LiveStreamActivity.kt:450:49 Cannot infer type for this parameter. Please specify it explicitly.
e: file:///E:/Berjis/Apps/Web/gifters/GiftersClub/app/src/main/java/club/gifters/giftersclub/live/LiveStreamActivity.kt:451:37 Unresolved reference 'videoTracks'.
e: file:///E:/Berjis/Apps/Web/gifters/GiftersClub/app/src/main/java/club/gifters/giftersclub/live/LiveStreamActivity.kt:451:60 Unresolved reference 'track'.
e: file:///E:/Berjis/Apps/Web/gifters/GiftersClub/app/src/main/java/club/gifters/giftersclub/live/LiveStreamActivity.kt:451:62 Unresolved reference 'it'.
e: file:///E:/Berjis/Apps/Web/gifters/GiftersClub/app/src/main/java/club/gifters/giftersclub/live/LiveStreamActivity.kt:452:30 Overload resolution ambiguity between candidates:
fun <reified R> Array<*>.filterIsInstance(): List<R>
fun <reified R> Iterable<*>.filterIsInstance(): List<R>
fun <reified R> Sequence<*>.filterIsInstance(): Sequence<R>
e: file:///E:/Berjis/Apps/Web/gifters/GiftersClub/app/src/main/java/club/gifters/giftersclub/live/LiveStreamActivity.kt:453:30 Overload resolution ambiguity between candidates:
fun <T> Iterable<T>.forEach(action: (T) -> Unit): Unit
fun <K, V> Map<out K, V>.forEach(action: (Map.Entry<K, V>) -> Unit): Unit
e: file:///E:/Berjis/Apps/Web/gifters/GiftersClub/app/src/main/java/club/gifters/giftersclub/live/LiveStreamActivity.kt:453:38 Unresolved reference 'addRenderer'.
e: file:///E:/Berjis/Apps/Web/gifters/GiftersClub/app/src/main/java/club/gifters/giftersclub/live/LiveStreamActivity.kt:453:40 Unresolved reference 'it'.
e: file:///E:/Berjis/Apps/Web/gifters/GiftersClub/app/src/main/java/club/gifters/giftersclub/live/LiveStreamActivity.kt:456:26 Unresolved reference 'addListener'.
e: file:///E:/Berjis/Apps/Web/gifters/GiftersClub/app/src/main/java/club/gifters/giftersclub/live/LiveStreamActivity.kt:456:65 Cannot infer type for this parameter. Please specify it explicitly.

FAILURE: Build failed with an exception.

* What went wrong:
Execution failed for task ':app:compileDebugKotlin'.
> A failure occurred while executing org.jetbrains.kotlin.compilerRunner.GradleCompilerRunnerWithWorkers$GradleKotlinCompilerWorkAction
   > Compilation error. See log for more details

* Try:
> Run with --stacktrace option to get the stack trace.
> Run with --info or --debug option to get more log output.
> Run with --scan to get full insights.
> Get more help at https://help.gradle.org.

BUILD FAILED in 1s
15 actionable tasks: 1 executed, 14 up-to-date
