2025-08-17 18:46:30.072 17435-17768 CameraCaptureSession    club.gifters.giftersclub             E  Session 0: Exception while stopping repeating: 
                                                                                                    android.hardware.camera2.CameraAccessException: CAMERA_ERROR (3): cancelRequest:652: Camera 1: Error clearing streaming request: Function not implemented (-38)
                                                                                                    	at android.hardware.camera2.CameraManager.throwAsPublicException(CameraManager.java:1741)
                                                                                                    	at android.hardware.camera2.impl.ICameraDeviceUserWrapper.cancelRequest(ICameraDeviceUserWrapper.java:99)
                                                                                                    	at android.hardware.camera2.impl.CameraDeviceImpl.stopRepeating(CameraDeviceImpl.java:1375)
                                                                                                    	at android.hardware.camera2.impl.CameraCaptureSessionImpl.close(CameraCaptureSessionImpl.java:579)
                                                                                                    	at android.hardware.camera2.impl.CameraCaptureSessionImpl$2.onDisconnected(CameraCaptureSessionImpl.java:805)
                                                                                                    	at android.hardware.camera2.impl.CameraDeviceImpl$7.run(CameraDeviceImpl.java:286)
                                                                                                    	at android.os.Handler.handleCallback(Handler.java:958)
                                                                                                    	at android.os.Handler.dispatchMessage(Handler.java:99)
                                                                                                    	at android.os.Looper.loopOnce(Looper.java:243)
                                                                                                    	at android.os.Looper.loop(Looper.java:338)
                                                                                                    	at android.os.HandlerThread.run(HandlerThread.java:67)
                                                                                                    Caused by: android.os.ServiceSpecificException: cancelRequest:652: Camera 1: Error clearing streaming request: Function not implemented (-38) (code 10)
                                                                                                    	at android.os.Parcel.createExceptionOrNull(Parcel.java:3103)
                                                                                                    	at android.os.Parcel.createException(Parcel.java:3073)
                                                                                                    	at android.os.Parcel.readException(Parcel.java:3056)
                                                                                                    	at android.os.Parcel.readException(Parcel.java:2998)
                                                                                                    	at android.hardware.camera2.ICameraDeviceUser$Stub$Proxy.cancelRequest(ICameraDeviceUser.java:648)
                                                                                                    	at android.hardware.camera2.impl.ICameraDeviceUserWrapper.cancelRequest(ICameraDeviceUserWrapper.java:97)
                                                                                                    	at android.hardware.camera2.impl.CameraDeviceImpl.stopRepeating(CameraDeviceImpl.java:1375) 
                                                                                                    	at android.hardware.camera2.impl.CameraCaptureSessionImpl.close(CameraCaptureSessionImpl.java:579) 
                                                                                                    	at android.hardware.camera2.impl.CameraCaptureSessionImpl$2.onDisconnected(CameraCaptureSessionImpl.java:805) 
                                                                                                    	at android.hardware.camera2.impl.CameraDeviceImpl$7.run(CameraDeviceImpl.java:286) 
                                                                                                    	at android.os.Handler.handleCallback(Handler.java:958) 
                                                                                                    	at android.os.Handler.dispatchMessage(Handler.java:99) 
                                                                                                    	at android.os.Looper.loopOnce(Looper.java:243) 
                                                                                                    	at android.os.Looper.loop(Looper.java:338) 
                                                                                                    	at android.os.HandlerThread.run(HandlerThread.java:67) 